common/copydata.s
common/zerobss.s
runtime/xor.s
runtime/sub.s
runtime/lge.s
runtime/luge.s
runtime/ldaxsp.s
runtime/lmod.s
runtime/ldec.s
runtime/lsubeq.s
runtime/rsub.s
runtime/asreax3.s
runtime/lgt.s
runtime/ult.s
runtime/uge.s
runtime/decax5.s
runtime/add.s
runtime/steaxspi.s
runtime/decax3.s
runtime/swap.s
runtime/lle.s
runtime/ldaxi.s
runtime/imul16x16r32.s
runtime/lne.s
runtime/udiv32by16r16.s
runtime/mul.s
runtime/lsub.s
runtime/incsp7.s
runtime/addeqsp.s
runtime/incax7.s
runtime/incaxy.s
runtime/decax7.s
runtime/lpop.s
runtime/asrax4.s
runtime/along.s
runtime/addysp.s
runtime/aslax4.s
runtime/decax4.s
runtime/incax6.s
runtime/asreax1.s
runtime/asr.s
runtime/incsp8.s
runtime/decsp6.s
runtime/mulax6.s
runtime/pusha.s
runtime/ule.s
runtime/toslong.s
runtime/bneg.s
runtime/decax2.s
runtime/decsp5.s
runtime/asreax2.s
runtime/aslax3.s
runtime/lor.s
runtime/idiv32by16r16.s
runtime/pushax.s
runtime/umul16x16r32.s
runtime/subysp.s
runtime/incax8.s
runtime/negabs.s
runtime/decax1.s
runtime/shelp.s
runtime/pushc1.s
runtime/push4.s
runtime/lmul.s
runtime/gt.s
runtime/decsp1.s
runtime/asleax3.s
runtime/asrax1.s
runtime/decsp2.s
runtime/return0.s
runtime/pushb.s
runtime/incsp3.s
runtime/lcompl.s
runtime/lumod.s
runtime/lult.s
runtime/umul8x8r16.s
runtime/call.s
runtime/lt.s
runtime/shrax1.s
runtime/makebool.s
runtime/ge.s
runtime/lrsub.s
runtime/incsp2.s
runtime/regswap1.s
runtime/eq.s
runtime/leaaxsp.s
runtime/icmp.s
runtime/imul8x8r16.s
runtime/pushc2.s
runtime/staxspi.s
runtime/asreax4.s
runtime/ldauisp.s
runtime/return1.s
runtime/pushbsp.s
runtime/ldai.s
runtime/shl.s
runtime/push5.s
runtime/decaxy.s
runtime/mul8.s
runtime/mulax9.s
runtime/staspidx.s
runtime/decsp3.s
runtime/lasr.s
runtime/shreax3.s
runtime/regswap.s
runtime/ldau0sp.s
runtime/lugt.s
runtime/shreax2.s
runtime/shr.s
runtime/ldiv.s
runtime/pushwsp.s
runtime/asrax2.s
runtime/lneg.s
runtime/asleax1.s
runtime/incax2.s
runtime/lpush.s
runtime/push3.s
runtime/mulax7.s
runtime/mulax10.s
runtime/pushc0.s
runtime/push6.s
runtime/callptr4.s
runtime/asrax3.s
runtime/popa.s
runtime/push2.s
runtime/asleax4.s
runtime/le.s
runtime/leq.s
runtime/aslax1.s
runtime/and.s
runtime/lcmp.s
runtime/shreax4.s
runtime/lshr.s
runtime/umul8x16r24.s
runtime/aslax2.s
runtime/lbneg.s
runtime/regswap2.s
runtime/laddeqsp.s
runtime/mulax5.s
runtime/compl.s
runtime/laddeq.s
runtime/shreax1.s
runtime/lule.s
runtime/bpushbsp.s
runtime/axlong.s
runtime/steaxsp.s
runtime/mod.s
runtime/asleax2.s
runtime/pushaff.s
runtime/div.s
runtime/ldeaxi.s
runtime/pushlysp.s
runtime/shrax4.s
runtime/decsp8.s
runtime/shrax2.s
runtime/incsp5.s
runtime/incsp1.s
runtime/linc.s
runtime/mulax3.s
runtime/ladd.s
runtime/lxor.s
runtime/incax3.s
runtime/ugt.s
runtime/incsp6.s
runtime/ltest.s
runtime/incsp4.s
runtime/land.s
runtime/pushw.s
runtime/push7.s
runtime/lshelp.s
runtime/lshl.s
runtime/shrax3.s
runtime/staxsp.s
runtime/decsp7.s
runtime/incax5.s
runtime/ldaui.s
runtime/subeqsp.s
runtime/decax6.s
runtime/decsp4.s
runtime/llt.s
runtime/jmpvec.s
runtime/push1.s
runtime/lsave.s
runtime/enter.s
runtime/ne.s
runtime/incax1.s
runtime/umod.s
runtime/popsreg.s
runtime/tosint.s
runtime/udiv.s
runtime/ludiv.s
runtime/leave.s
runtime/lsubeqsp.s
runtime/decax8.s
runtime/or.s
runtime/ldeaxysp.s
runtime/zeropage.s
runtime/popptr1.s